     1                                         extern	printf		; the C function, to be called
     2                                  
     3                                          SECTION .data		; Data section, initialized variables
     4                                  
     5 00000000 05000000                	a:	dd	5		; int a=5;
     6 00000004 613D25642C20656178-     fmt:    db "a=%d, eax=%d", 10, 0 ; The printf format, "\n",'0'
     7 0000000D 3D25640A00         
     8                                  
     9                                  
    10                                          SECTION .text                   ; Code section.
    11                                  
    12                                          global main		; the standard gcc entry point
    13                                  main:				; the program label for the entry point
    14 00000000 55                              push    ebp		; set up stack frame
    15 00000001 89E5                            mov     ebp,esp
    16                                  
    17 00000003 A1[00000000]            	mov	eax, [a]	; put a from store into register
    18 00000008 83C002                  	add	eax, 2		; a+2
    19 0000000B 50                      	push	eax		; value of a+2
    20 0000000C FF35[00000000]                  push    dword [a]	; value of variable a
    21 00000012 68[04000000]                    push    dword fmt	; address of ctrl string
    22 00000017 E8(00000000)                    call    printf		; Call C function
    23 0000001C 83C40C                          add     esp, 12		; pop stack 3 push times 4 bytes
    24                                  
    25 0000001F 89EC                            mov     esp, ebp	; takedown stack frame
    26 00000021 5D                              pop     ebp		; same as "leave" op
    27                                  
    28 00000022 B800000000              	mov	eax,0		;  normal, no error, return value
    29 00000027 C3                      	ret			; return
    30                                  	
